Archive member included to satisfy reference by file (symbol)

d:/do not delete/new folder/7.0/toolchain/avr8/avr8-gnu-toolchain/bin/../lib/gcc/avr/5.4.0/../../../../avr/lib/avr5\libm.a(addsf3.o)
                              Driver/debug_utilis.o (__subsf3)
d:/do not delete/new folder/7.0/toolchain/avr8/avr8-gnu-toolchain/bin/../lib/gcc/avr/5.4.0/../../../../avr/lib/avr5\libm.a(addsf3x.o)
                              d:/do not delete/new folder/7.0/toolchain/avr8/avr8-gnu-toolchain/bin/../lib/gcc/avr/5.4.0/../../../../avr/lib/avr5\libm.a(addsf3.o) (__addsf3x)
d:/do not delete/new folder/7.0/toolchain/avr8/avr8-gnu-toolchain/bin/../lib/gcc/avr/5.4.0/../../../../avr/lib/avr5\libm.a(divsf3.o)
                              Driver/current_sensor.o (__divsf3)
d:/do not delete/new folder/7.0/toolchain/avr8/avr8-gnu-toolchain/bin/../lib/gcc/avr/5.4.0/../../../../avr/lib/avr5\libm.a(divsf3x.o)
                              d:/do not delete/new folder/7.0/toolchain/avr8/avr8-gnu-toolchain/bin/../lib/gcc/avr/5.4.0/../../../../avr/lib/avr5\libm.a(divsf3.o) (__divsf3x)
d:/do not delete/new folder/7.0/toolchain/avr8/avr8-gnu-toolchain/bin/../lib/gcc/avr/5.4.0/../../../../avr/lib/avr5\libm.a(fixsfsi.o)
                              Driver/debug_utilis.o (__fixsfsi)
d:/do not delete/new folder/7.0/toolchain/avr8/avr8-gnu-toolchain/bin/../lib/gcc/avr/5.4.0/../../../../avr/lib/avr5\libm.a(fixunssfsi.o)
                              d:/do not delete/new folder/7.0/toolchain/avr8/avr8-gnu-toolchain/bin/../lib/gcc/avr/5.4.0/../../../../avr/lib/avr5\libm.a(fixsfsi.o) (__fixunssfsi)
d:/do not delete/new folder/7.0/toolchain/avr8/avr8-gnu-toolchain/bin/../lib/gcc/avr/5.4.0/../../../../avr/lib/avr5\libm.a(floatsisf.o)
                              Driver/current_sensor.o (__floatunsisf)
d:/do not delete/new folder/7.0/toolchain/avr8/avr8-gnu-toolchain/bin/../lib/gcc/avr/5.4.0/../../../../avr/lib/avr5\libm.a(fp_inf.o)
                              d:/do not delete/new folder/7.0/toolchain/avr8/avr8-gnu-toolchain/bin/../lib/gcc/avr/5.4.0/../../../../avr/lib/avr5\libm.a(addsf3x.o) (__fp_inf)
d:/do not delete/new folder/7.0/toolchain/avr8/avr8-gnu-toolchain/bin/../lib/gcc/avr/5.4.0/../../../../avr/lib/avr5\libm.a(fp_nan.o)
                              d:/do not delete/new folder/7.0/toolchain/avr8/avr8-gnu-toolchain/bin/../lib/gcc/avr/5.4.0/../../../../avr/lib/avr5\libm.a(addsf3x.o) (__fp_nan)
d:/do not delete/new folder/7.0/toolchain/avr8/avr8-gnu-toolchain/bin/../lib/gcc/avr/5.4.0/../../../../avr/lib/avr5\libm.a(fp_pscA.o)
                              d:/do not delete/new folder/7.0/toolchain/avr8/avr8-gnu-toolchain/bin/../lib/gcc/avr/5.4.0/../../../../avr/lib/avr5\libm.a(addsf3x.o) (__fp_pscA)
d:/do not delete/new folder/7.0/toolchain/avr8/avr8-gnu-toolchain/bin/../lib/gcc/avr/5.4.0/../../../../avr/lib/avr5\libm.a(fp_pscB.o)
                              d:/do not delete/new folder/7.0/toolchain/avr8/avr8-gnu-toolchain/bin/../lib/gcc/avr/5.4.0/../../../../avr/lib/avr5\libm.a(addsf3x.o) (__fp_pscB)
d:/do not delete/new folder/7.0/toolchain/avr8/avr8-gnu-toolchain/bin/../lib/gcc/avr/5.4.0/../../../../avr/lib/avr5\libm.a(fp_round.o)
                              d:/do not delete/new folder/7.0/toolchain/avr8/avr8-gnu-toolchain/bin/../lib/gcc/avr/5.4.0/../../../../avr/lib/avr5\libm.a(addsf3.o) (__fp_round)
d:/do not delete/new folder/7.0/toolchain/avr8/avr8-gnu-toolchain/bin/../lib/gcc/avr/5.4.0/../../../../avr/lib/avr5\libm.a(fp_split3.o)
                              d:/do not delete/new folder/7.0/toolchain/avr8/avr8-gnu-toolchain/bin/../lib/gcc/avr/5.4.0/../../../../avr/lib/avr5\libm.a(addsf3x.o) (__fp_split3)
d:/do not delete/new folder/7.0/toolchain/avr8/avr8-gnu-toolchain/bin/../lib/gcc/avr/5.4.0/../../../../avr/lib/avr5\libm.a(fp_zero.o)
                              d:/do not delete/new folder/7.0/toolchain/avr8/avr8-gnu-toolchain/bin/../lib/gcc/avr/5.4.0/../../../../avr/lib/avr5\libm.a(addsf3x.o) (__fp_zero)
d:/do not delete/new folder/7.0/toolchain/avr8/avr8-gnu-toolchain/bin/../lib/gcc/avr/5.4.0/../../../../avr/lib/avr5\libm.a(mulsf3.o)
                              Driver/current_sensor.o (__mulsf3)
d:/do not delete/new folder/7.0/toolchain/avr8/avr8-gnu-toolchain/bin/../lib/gcc/avr/5.4.0/../../../../avr/lib/avr5\libm.a(mulsf3x.o)
                              d:/do not delete/new folder/7.0/toolchain/avr8/avr8-gnu-toolchain/bin/../lib/gcc/avr/5.4.0/../../../../avr/lib/avr5\libm.a(mulsf3.o) (__mulsf3x)
d:/do not delete/new folder/7.0/toolchain/avr8/avr8-gnu-toolchain/bin/../lib/gcc/avr/5.4.0/avr5\libgcc.a(_exit.o)
                              D:/DO NOT DELETE/New folder/7.0/Packs/atmel/ATmega_DFP/1.2.209/gcc/dev/atmega328p/avr5/crtatmega328p.o (exit)
d:/do not delete/new folder/7.0/toolchain/avr8/avr8-gnu-toolchain/bin/../lib/gcc/avr/5.4.0/avr5\libgcc.a(_copy_data.o)
                              Driver/current_sensor.o (__do_copy_data)
d:/do not delete/new folder/7.0/toolchain/avr8/avr8-gnu-toolchain/bin/../lib/gcc/avr/5.4.0/avr5\libgcc.a(_clear_bss.o)
                              Driver/current_sensor.o (__do_clear_bss)
d:/do not delete/new folder/7.0/toolchain/avr8/avr8-gnu-toolchain/bin/../lib/gcc/avr/5.4.0/../../../../avr/lib/avr5\libc.a(sprintf.o)
                              Driver/current_sensor.o (sprintf)
d:/do not delete/new folder/7.0/toolchain/avr8/avr8-gnu-toolchain/bin/../lib/gcc/avr/5.4.0/../../../../avr/lib/avr5\libc.a(vfprintf_std.o)
                              d:/do not delete/new folder/7.0/toolchain/avr8/avr8-gnu-toolchain/bin/../lib/gcc/avr/5.4.0/../../../../avr/lib/avr5\libc.a(sprintf.o) (vfprintf)
d:/do not delete/new folder/7.0/toolchain/avr8/avr8-gnu-toolchain/bin/../lib/gcc/avr/5.4.0/../../../../avr/lib/avr5\libc.a(strnlen_P.o)
                              d:/do not delete/new folder/7.0/toolchain/avr8/avr8-gnu-toolchain/bin/../lib/gcc/avr/5.4.0/../../../../avr/lib/avr5\libc.a(vfprintf_std.o) (strnlen_P)
d:/do not delete/new folder/7.0/toolchain/avr8/avr8-gnu-toolchain/bin/../lib/gcc/avr/5.4.0/../../../../avr/lib/avr5\libc.a(strnlen.o)
                              d:/do not delete/new folder/7.0/toolchain/avr8/avr8-gnu-toolchain/bin/../lib/gcc/avr/5.4.0/../../../../avr/lib/avr5\libc.a(vfprintf_std.o) (strnlen)
d:/do not delete/new folder/7.0/toolchain/avr8/avr8-gnu-toolchain/bin/../lib/gcc/avr/5.4.0/../../../../avr/lib/avr5\libc.a(ultoa_invert.o)
                              d:/do not delete/new folder/7.0/toolchain/avr8/avr8-gnu-toolchain/bin/../lib/gcc/avr/5.4.0/../../../../avr/lib/avr5\libc.a(vfprintf_std.o) (__ultoa_invert)
d:/do not delete/new folder/7.0/toolchain/avr8/avr8-gnu-toolchain/bin/../lib/gcc/avr/5.4.0/avr5\libgcc.a(_prologue.o)
                              d:/do not delete/new folder/7.0/toolchain/avr8/avr8-gnu-toolchain/bin/../lib/gcc/avr/5.4.0/../../../../avr/lib/avr5\libc.a(sprintf.o) (__prologue_saves__)
d:/do not delete/new folder/7.0/toolchain/avr8/avr8-gnu-toolchain/bin/../lib/gcc/avr/5.4.0/avr5\libgcc.a(_epilogue.o)
                              d:/do not delete/new folder/7.0/toolchain/avr8/avr8-gnu-toolchain/bin/../lib/gcc/avr/5.4.0/../../../../avr/lib/avr5\libc.a(sprintf.o) (__epilogue_restores__)

Allocating common symbols
Common symbol       size              file

BUFFER              0x32              Driver/current_sensor.o

Discarded input sections

 .data          0x00000000        0x0 D:/DO NOT DELETE/New folder/7.0/Packs/atmel/ATmega_DFP/1.2.209/gcc/dev/atmega328p/avr5/crtatmega328p.o
 .bss           0x00000000        0x0 D:/DO NOT DELETE/New folder/7.0/Packs/atmel/ATmega_DFP/1.2.209/gcc/dev/atmega328p/avr5/crtatmega328p.o
 .text          0x00000000        0x0 Driver/current_sensor.o
 .data          0x00000000        0x0 Driver/current_sensor.o
 .bss           0x00000000        0x0 Driver/current_sensor.o
 .bss.actual_currrent_pp_
                0x00000000        0x4 Driver/current_sensor.o
 .text          0x00000000        0x0 Driver/debug_utilis.o
 .data          0x00000000        0x0 Driver/debug_utilis.o
 .bss           0x00000000        0x0 Driver/debug_utilis.o
 .text          0x00000000        0x0 Driver/relay_control.o
 .data          0x00000000        0x0 Driver/relay_control.o
 .bss           0x00000000        0x0 Driver/relay_control.o
 .text          0x00000000        0x0 Driver/voltage_sensor.o
 .data          0x00000000        0x0 Driver/voltage_sensor.o
 .bss           0x00000000        0x0 Driver/voltage_sensor.o
 .bss.actual_voltage_pp_
                0x00000000        0x4 Driver/voltage_sensor.o
 .text          0x00000000        0x0 HAL/ADC.o
 .data          0x00000000        0x0 HAL/ADC.o
 .bss           0x00000000        0x0 HAL/ADC.o
 .text          0x00000000        0x0 HAL/GPIO.o
 .data          0x00000000        0x0 HAL/GPIO.o
 .bss           0x00000000        0x0 HAL/GPIO.o
 .text.GPIO_READ_PIN
                0x00000000       0x52 HAL/GPIO.o
 .text.GPIO_PCINT_SET
                0x00000000       0x4a HAL/GPIO.o
 .text.GPIO_EXTINT_SET
                0x00000000       0xd6 HAL/GPIO.o
 .text.GPIO_EXTINT_RESET
                0x00000000       0x10 HAL/GPIO.o
 .text          0x00000000        0x0 HAL/SPI.o
 .data          0x00000000        0x0 HAL/SPI.o
 .bss           0x00000000        0x0 HAL/SPI.o
 .text.SPI_TRANSFER
                0x00000000        0xc HAL/SPI.o
 .text.SPI_WRITE
                0x00000000        0xa HAL/SPI.o
 .text.SPI_READ
                0x00000000       0x12 HAL/SPI.o
 .text.SPI_ENABLE_SLAVE
                0x00000000        0x4 HAL/SPI.o
 .text.SPI_DISABLE_SLAVE
                0x00000000        0x4 HAL/SPI.o
 .text.SPI_END  0x00000000        0xe HAL/SPI.o
 .text          0x00000000        0x0 HAL/Timer.o
 .data          0x00000000        0x0 HAL/Timer.o
 .bss           0x00000000        0x0 HAL/Timer.o
 .text.millis   0x00000000       0x36 HAL/Timer.o
 .bss.ms.1938   0x00000000        0x4 HAL/Timer.o
 .text          0x00000000        0x0 HAL/TWI.o
 .data          0x00000000        0x0 HAL/TWI.o
 .bss           0x00000000        0x0 HAL/TWI.o
 .text.TWI_WAIT
                0x00000000        0xc HAL/TWI.o
 .text.check_status
                0x00000000       0x1a HAL/TWI.o
 .text.TWI_STOP
                0x00000000        0xc HAL/TWI.o
 .text.TWI_START
                0x00000000       0x18 HAL/TWI.o
 .text.TWI_REPEATED_START
                0x00000000       0x18 HAL/TWI.o
 .text.TWI_DATA_WRITE
                0x00000000       0x22 HAL/TWI.o
 .text.TWI_ADDRESS_WRITE
                0x00000000       0x3c HAL/TWI.o
 .text.TWI_READ
                0x00000000       0xa6 HAL/TWI.o
 .text.TWI_init
                0x00000000       0x18 HAL/TWI.o
 .debug_info    0x00000000      0x258 HAL/TWI.o
 .debug_abbrev  0x00000000       0xf9 HAL/TWI.o
 .debug_loc     0x00000000      0x265 HAL/TWI.o
 .debug_aranges
                0x00000000       0x60 HAL/TWI.o
 .debug_ranges  0x00000000       0x50 HAL/TWI.o
 .debug_line    0x00000000      0x243 HAL/TWI.o
 .debug_str     0x00000000      0x1da HAL/TWI.o
 .comment       0x00000000       0x31 HAL/TWI.o
 .debug_frame   0x00000000      0x100 HAL/TWI.o
 .text          0x00000000        0x0 HAL/UART.o
 .data          0x00000000        0x0 HAL/UART.o
 .bss           0x00000000        0x0 HAL/UART.o
 .text          0x00000000        0x0 main.o
 .data          0x00000000        0x0 main.o
 .bss           0x00000000        0x0 main.o
 .text          0x00000000        0x0 d:/do not delete/new folder/7.0/toolchain/avr8/avr8-gnu-toolchain/bin/../lib/gcc/avr/5.4.0/../../../../avr/lib/avr5\libm.a(addsf3.o)
 .data          0x00000000        0x0 d:/do not delete/new folder/7.0/toolchain/avr8/avr8-gnu-toolchain/bin/../lib/gcc/avr/5.4.0/../../../../avr/lib/avr5\libm.a(addsf3.o)
 .bss           0x00000000        0x0 d:/do not delete/new folder/7.0/toolchain/avr8/avr8-gnu-toolchain/bin/../lib/gcc/avr/5.4.0/../../../../avr/lib/avr5\libm.a(addsf3.o)
 .text          0x00000000        0x0 d:/do not delete/new folder/7.0/toolchain/avr8/avr8-gnu-toolchain/bin/../lib/gcc/avr/5.4.0/../../../../avr/lib/avr5\libm.a(addsf3x.o)
 .data          0x00000000        0x0 d:/do not delete/new folder/7.0/toolchain/avr8/avr8-gnu-toolchain/bin/../lib/gcc/avr/5.4.0/../../../../avr/lib/avr5\libm.a(addsf3x.o)
 .bss           0x00000000        0x0 d:/do not delete/new folder/7.0/toolchain/avr8/avr8-gnu-toolchain/bin/../lib/gcc/avr/5.4.0/../../../../avr/lib/avr5\libm.a(addsf3x.o)
 .text          0x00000000        0x0 d:/do not delete/new folder/7.0/toolchain/avr8/avr8-gnu-toolchain/bin/../lib/gcc/avr/5.4.0/../../../../avr/lib/avr5\libm.a(divsf3.o)
 .data          0x00000000        0x0 d:/do not delete/new folder/7.0/toolchain/avr8/avr8-gnu-toolchain/bin/../lib/gcc/avr/5.4.0/../../../../avr/lib/avr5\libm.a(divsf3.o)
 .bss           0x00000000        0x0 d:/do not delete/new folder/7.0/toolchain/avr8/avr8-gnu-toolchain/bin/../lib/gcc/avr/5.4.0/../../../../avr/lib/avr5\libm.a(divsf3.o)
 .text          0x00000000        0x0 d:/do not delete/new folder/7.0/toolchain/avr8/avr8-gnu-toolchain/bin/../lib/gcc/avr/5.4.0/../../../../avr/lib/avr5\libm.a(divsf3x.o)
 .data          0x00000000        0x0 d:/do not delete/new folder/7.0/toolchain/avr8/avr8-gnu-toolchain/bin/../lib/gcc/avr/5.4.0/../../../../avr/lib/avr5\libm.a(divsf3x.o)
 .bss           0x00000000        0x0 d:/do not delete/new folder/7.0/toolchain/avr8/avr8-gnu-toolchain/bin/../lib/gcc/avr/5.4.0/../../../../avr/lib/avr5\libm.a(divsf3x.o)
 .text          0x00000000        0x0 d:/do not delete/new folder/7.0/toolchain/avr8/avr8-gnu-toolchain/bin/../lib/gcc/avr/5.4.0/../../../../avr/lib/avr5\libm.a(fixsfsi.o)
 .data          0x00000000        0x0 d:/do not delete/new folder/7.0/toolchain/avr8/avr8-gnu-toolchain/bin/../lib/gcc/avr/5.4.0/../../../../avr/lib/avr5\libm.a(fixsfsi.o)
 .bss           0x00000000        0x0 d:/do not delete/new folder/7.0/toolchain/avr8/avr8-gnu-toolchain/bin/../lib/gcc/avr/5.4.0/../../../../avr/lib/avr5\libm.a(fixsfsi.o)
 .text          0x00000000        0x0 d:/do not delete/new folder/7.0/toolchain/avr8/avr8-gnu-toolchain/bin/../lib/gcc/avr/5.4.0/../../../../avr/lib/avr5\libm.a(fixunssfsi.o)
 .data          0x00000000        0x0 d:/do not delete/new folder/7.0/toolchain/avr8/avr8-gnu-toolchain/bin/../lib/gcc/avr/5.4.0/../../../../avr/lib/avr5\libm.a(fixunssfsi.o)
 .bss           0x00000000        0x0 d:/do not delete/new folder/7.0/toolchain/avr8/avr8-gnu-toolchain/bin/../lib/gcc/avr/5.4.0/../../../../avr/lib/avr5\libm.a(fixunssfsi.o)
 .text          0x00000000        0x0 d:/do not delete/new folder/7.0/toolchain/avr8/avr8-gnu-toolchain/bin/../lib/gcc/avr/5.4.0/../../../../avr/lib/avr5\libm.a(floatsisf.o)
 .data          0x00000000        0x0 d:/do not delete/new folder/7.0/toolchain/avr8/avr8-gnu-toolchain/bin/../lib/gcc/avr/5.4.0/../../../../avr/lib/avr5\libm.a(floatsisf.o)
 .bss           0x00000000        0x0 d:/do not delete/new folder/7.0/toolchain/avr8/avr8-gnu-toolchain/bin/../lib/gcc/avr/5.4.0/../../../../avr/lib/avr5\libm.a(floatsisf.o)
 .text          0x00000000        0x0 d:/do not delete/new folder/7.0/toolchain/avr8/avr8-gnu-toolchain/bin/../lib/gcc/avr/5.4.0/../../../../avr/lib/avr5\libm.a(fp_inf.o)
 .data          0x00000000        0x0 d:/do not delete/new folder/7.0/toolchain/avr8/avr8-gnu-toolchain/bin/../lib/gcc/avr/5.4.0/../../../../avr/lib/avr5\libm.a(fp_inf.o)
 .bss           0x00000000        0x0 d:/do not delete/new folder/7.0/toolchain/avr8/avr8-gnu-toolchain/bin/../lib/gcc/avr/5.4.0/../../../../avr/lib/avr5\libm.a(fp_inf.o)
 .text          0x00000000        0x0 d:/do not delete/new folder/7.0/toolchain/avr8/avr8-gnu-toolchain/bin/../lib/gcc/avr/5.4.0/../../../../avr/lib/avr5\libm.a(fp_nan.o)
 .data          0x00000000        0x0 d:/do not delete/new folder/7.0/toolchain/avr8/avr8-gnu-toolchain/bin/../lib/gcc/avr/5.4.0/../../../../avr/lib/avr5\libm.a(fp_nan.o)
 .bss           0x00000000        0x0 d:/do not delete/new folder/7.0/toolchain/avr8/avr8-gnu-toolchain/bin/../lib/gcc/avr/5.4.0/../../../../avr/lib/avr5\libm.a(fp_nan.o)
 .text          0x00000000        0x0 d:/do not delete/new folder/7.0/toolchain/avr8/avr8-gnu-toolchain/bin/../lib/gcc/avr/5.4.0/../../../../avr/lib/avr5\libm.a(fp_pscA.o)
 .data          0x00000000        0x0 d:/do not delete/new folder/7.0/toolchain/avr8/avr8-gnu-toolchain/bin/../lib/gcc/avr/5.4.0/../../../../avr/lib/avr5\libm.a(fp_pscA.o)
 .bss           0x00000000        0x0 d:/do not delete/new folder/7.0/toolchain/avr8/avr8-gnu-toolchain/bin/../lib/gcc/avr/5.4.0/../../../../avr/lib/avr5\libm.a(fp_pscA.o)
 .text          0x00000000        0x0 d:/do not delete/new folder/7.0/toolchain/avr8/avr8-gnu-toolchain/bin/../lib/gcc/avr/5.4.0/../../../../avr/lib/avr5\libm.a(fp_pscB.o)
 .data          0x00000000        0x0 d:/do not delete/new folder/7.0/toolchain/avr8/avr8-gnu-toolchain/bin/../lib/gcc/avr/5.4.0/../../../../avr/lib/avr5\libm.a(fp_pscB.o)
 .bss           0x00000000        0x0 d:/do not delete/new folder/7.0/toolchain/avr8/avr8-gnu-toolchain/bin/../lib/gcc/avr/5.4.0/../../../../avr/lib/avr5\libm.a(fp_pscB.o)
 .text          0x00000000        0x0 d:/do not delete/new folder/7.0/toolchain/avr8/avr8-gnu-toolchain/bin/../lib/gcc/avr/5.4.0/../../../../avr/lib/avr5\libm.a(fp_round.o)
 .data          0x00000000        0x0 d:/do not delete/new folder/7.0/toolchain/avr8/avr8-gnu-toolchain/bin/../lib/gcc/avr/5.4.0/../../../../avr/lib/avr5\libm.a(fp_round.o)
 .bss           0x00000000        0x0 d:/do not delete/new folder/7.0/toolchain/avr8/avr8-gnu-toolchain/bin/../lib/gcc/avr/5.4.0/../../../../avr/lib/avr5\libm.a(fp_round.o)
 .text          0x00000000        0x0 d:/do not delete/new folder/7.0/toolchain/avr8/avr8-gnu-toolchain/bin/../lib/gcc/avr/5.4.0/../../../../avr/lib/avr5\libm.a(fp_split3.o)
 .data          0x00000000        0x0 d:/do not delete/new folder/7.0/toolchain/avr8/avr8-gnu-toolchain/bin/../lib/gcc/avr/5.4.0/../../../../avr/lib/avr5\libm.a(fp_split3.o)
 .bss           0x00000000        0x0 d:/do not delete/new folder/7.0/toolchain/avr8/avr8-gnu-toolchain/bin/../lib/gcc/avr/5.4.0/../../../../avr/lib/avr5\libm.a(fp_split3.o)
 .text          0x00000000        0x0 d:/do not delete/new folder/7.0/toolchain/avr8/avr8-gnu-toolchain/bin/../lib/gcc/avr/5.4.0/../../../../avr/lib/avr5\libm.a(fp_zero.o)
 .data          0x00000000        0x0 d:/do not delete/new folder/7.0/toolchain/avr8/avr8-gnu-toolchain/bin/../lib/gcc/avr/5.4.0/../../../../avr/lib/avr5\libm.a(fp_zero.o)
 .bss           0x00000000        0x0 d:/do not delete/new folder/7.0/toolchain/avr8/avr8-gnu-toolchain/bin/../lib/gcc/avr/5.4.0/../../../../avr/lib/avr5\libm.a(fp_zero.o)
 .text          0x00000000        0x0 d:/do not delete/new folder/7.0/toolchain/avr8/avr8-gnu-toolchain/bin/../lib/gcc/avr/5.4.0/../../../../avr/lib/avr5\libm.a(mulsf3.o)
 .data          0x00000000        0x0 d:/do not delete/new folder/7.0/toolchain/avr8/avr8-gnu-toolchain/bin/../lib/gcc/avr/5.4.0/../../../../avr/lib/avr5\libm.a(mulsf3.o)
 .bss           0x00000000        0x0 d:/do not delete/new folder/7.0/toolchain/avr8/avr8-gnu-toolchain/bin/../lib/gcc/avr/5.4.0/../../../../avr/lib/avr5\libm.a(mulsf3.o)
 .text          0x00000000        0x0 d:/do not delete/new folder/7.0/toolchain/avr8/avr8-gnu-toolchain/bin/../lib/gcc/avr/5.4.0/../../../../avr/lib/avr5\libm.a(mulsf3x.o)
 .data          0x00000000        0x0 d:/do not delete/new folder/7.0/toolchain/avr8/avr8-gnu-toolchain/bin/../lib/gcc/avr/5.4.0/../../../../avr/lib/avr5\libm.a(mulsf3x.o)
 .bss           0x00000000        0x0 d:/do not delete/new folder/7.0/toolchain/avr8/avr8-gnu-toolchain/bin/../lib/gcc/avr/5.4.0/../../../../avr/lib/avr5\libm.a(mulsf3x.o)
 .text          0x00000000        0x0 d:/do not delete/new folder/7.0/toolchain/avr8/avr8-gnu-toolchain/bin/../lib/gcc/avr/5.4.0/avr5\libgcc.a(_exit.o)
 .data          0x00000000        0x0 d:/do not delete/new folder/7.0/toolchain/avr8/avr8-gnu-toolchain/bin/../lib/gcc/avr/5.4.0/avr5\libgcc.a(_exit.o)
 .bss           0x00000000        0x0 d:/do not delete/new folder/7.0/toolchain/avr8/avr8-gnu-toolchain/bin/../lib/gcc/avr/5.4.0/avr5\libgcc.a(_exit.o)
 .text.libgcc.mul
                0x00000000        0x0 d:/do not delete/new folder/7.0/toolchain/avr8/avr8-gnu-toolchain/bin/../lib/gcc/avr/5.4.0/avr5\libgcc.a(_exit.o)
 .text.libgcc.div
                0x00000000        0x0 d:/do not delete/new folder/7.0/toolchain/avr8/avr8-gnu-toolchain/bin/../lib/gcc/avr/5.4.0/avr5\libgcc.a(_exit.o)
 .text.libgcc   0x00000000        0x0 d:/do not delete/new folder/7.0/toolchain/avr8/avr8-gnu-toolchain/bin/../lib/gcc/avr/5.4.0/avr5\libgcc.a(_exit.o)
 .text.libgcc.prologue
                0x00000000        0x0 d:/do not delete/new folder/7.0/toolchain/avr8/avr8-gnu-toolchain/bin/../lib/gcc/avr/5.4.0/avr5\libgcc.a(_exit.o)
 .text.libgcc.builtins
                0x00000000        0x0 d:/do not delete/new folder/7.0/toolchain/avr8/avr8-gnu-toolchain/bin/../lib/gcc/avr/5.4.0/avr5\libgcc.a(_exit.o)
 .text.libgcc.fmul
                0x00000000        0x0 d:/do not delete/new folder/7.0/toolchain/avr8/avr8-gnu-toolchain/bin/../lib/gcc/avr/5.4.0/avr5\libgcc.a(_exit.o)
 .text.libgcc.fixed
                0x00000000        0x0 d:/do not delete/new folder/7.0/toolchain/avr8/avr8-gnu-toolchain/bin/../lib/gcc/avr/5.4.0/avr5\libgcc.a(_exit.o)
 .text          0x00000000        0x0 d:/do not delete/new folder/7.0/toolchain/avr8/avr8-gnu-toolchain/bin/../lib/gcc/avr/5.4.0/avr5\libgcc.a(_copy_data.o)
 .data          0x00000000        0x0 d:/do not delete/new folder/7.0/toolchain/avr8/avr8-gnu-toolchain/bin/../lib/gcc/avr/5.4.0/avr5\libgcc.a(_copy_data.o)
 .bss           0x00000000        0x0 d:/do not delete/new folder/7.0/toolchain/avr8/avr8-gnu-toolchain/bin/../lib/gcc/avr/5.4.0/avr5\libgcc.a(_copy_data.o)
 .text.libgcc.mul
                0x00000000        0x0 d:/do not delete/new folder/7.0/toolchain/avr8/avr8-gnu-toolchain/bin/../lib/gcc/avr/5.4.0/avr5\libgcc.a(_copy_data.o)
 .text.libgcc.div
                0x00000000        0x0 d:/do not delete/new folder/7.0/toolchain/avr8/avr8-gnu-toolchain/bin/../lib/gcc/avr/5.4.0/avr5\libgcc.a(_copy_data.o)
 .text.libgcc   0x00000000        0x0 d:/do not delete/new folder/7.0/toolchain/avr8/avr8-gnu-toolchain/bin/../lib/gcc/avr/5.4.0/avr5\libgcc.a(_copy_data.o)
 .text.libgcc.prologue
                0x00000000        0x0 d:/do not delete/new folder/7.0/toolchain/avr8/avr8-gnu-toolchain/bin/../lib/gcc/avr/5.4.0/avr5\libgcc.a(_copy_data.o)
 .text.libgcc.builtins
                0x00000000        0x0 d:/do not delete/new folder/7.0/toolchain/avr8/avr8-gnu-toolchain/bin/../lib/gcc/avr/5.4.0/avr5\libgcc.a(_copy_data.o)
 .text.libgcc.fmul
                0x00000000        0x0 d:/do not delete/new folder/7.0/toolchain/avr8/avr8-gnu-toolchain/bin/../lib/gcc/avr/5.4.0/avr5\libgcc.a(_copy_data.o)
 .text.libgcc.fixed
                0x00000000        0x0 d:/do not delete/new folder/7.0/toolchain/avr8/avr8-gnu-toolchain/bin/../lib/gcc/avr/5.4.0/avr5\libgcc.a(_copy_data.o)
 .text          0x00000000        0x0 d:/do not delete/new folder/7.0/toolchain/avr8/avr8-gnu-toolchain/bin/../lib/gcc/avr/5.4.0/avr5\libgcc.a(_clear_bss.o)
 .data          0x00000000        0x0 d:/do not delete/new folder/7.0/toolchain/avr8/avr8-gnu-toolchain/bin/../lib/gcc/avr/5.4.0/avr5\libgcc.a(_clear_bss.o)
 .bss           0x00000000        0x0 d:/do not delete/new folder/7.0/toolchain/avr8/avr8-gnu-toolchain/bin/../lib/gcc/avr/5.4.0/avr5\libgcc.a(_clear_bss.o)
 .text.libgcc.mul
                0x00000000        0x0 d:/do not delete/new folder/7.0/toolchain/avr8/avr8-gnu-toolchain/bin/../lib/gcc/avr/5.4.0/avr5\libgcc.a(_clear_bss.o)
 .text.libgcc.div
                0x00000000        0x0 d:/do not delete/new folder/7.0/toolchain/avr8/avr8-gnu-toolchain/bin/../lib/gcc/avr/5.4.0/avr5\libgcc.a(_clear_bss.o)
 .text.libgcc   0x00000000        0x0 d:/do not delete/new folder/7.0/toolchain/avr8/avr8-gnu-toolchain/bin/../lib/gcc/avr/5.4.0/avr5\libgcc.a(_clear_bss.o)
 .text.libgcc.prologue
                0x00000000        0x0 d:/do not delete/new folder/7.0/toolchain/avr8/avr8-gnu-toolchain/bin/../lib/gcc/avr/5.4.0/avr5\libgcc.a(_clear_bss.o)
 .text.libgcc.builtins
                0x00000000        0x0 d:/do not delete/new folder/7.0/toolchain/avr8/avr8-gnu-toolchain/bin/../lib/gcc/avr/5.4.0/avr5\libgcc.a(_clear_bss.o)
 .text.libgcc.fmul
                0x00000000        0x0 d:/do not delete/new folder/7.0/toolchain/avr8/avr8-gnu-toolchain/bin/../lib/gcc/avr/5.4.0/avr5\libgcc.a(_clear_bss.o)
 .text.libgcc.fixed
                0x00000000        0x0 d:/do not delete/new folder/7.0/toolchain/avr8/avr8-gnu-toolchain/bin/../lib/gcc/avr/5.4.0/avr5\libgcc.a(_clear_bss.o)
 .text          0x00000000        0x0 d:/do not delete/new folder/7.0/toolchain/avr8/avr8-gnu-toolchain/bin/../lib/gcc/avr/5.4.0/../../../../avr/lib/avr5\libc.a(sprintf.o)
 .data          0x00000000        0x0 d:/do not delete/new folder/7.0/toolchain/avr8/avr8-gnu-toolchain/bin/../lib/gcc/avr/5.4.0/../../../../avr/lib/avr5\libc.a(sprintf.o)
 .bss           0x00000000        0x0 d:/do not delete/new folder/7.0/toolchain/avr8/avr8-gnu-toolchain/bin/../lib/gcc/avr/5.4.0/../../../../avr/lib/avr5\libc.a(sprintf.o)
 .text          0x00000000        0x0 d:/do not delete/new folder/7.0/toolchain/avr8/avr8-gnu-toolchain/bin/../lib/gcc/avr/5.4.0/../../../../avr/lib/avr5\libc.a(vfprintf_std.o)
 .data          0x00000000        0x0 d:/do not delete/new folder/7.0/toolchain/avr8/avr8-gnu-toolchain/bin/../lib/gcc/avr/5.4.0/../../../../avr/lib/avr5\libc.a(vfprintf_std.o)
 .bss           0x00000000        0x0 d:/do not delete/new folder/7.0/toolchain/avr8/avr8-gnu-toolchain/bin/../lib/gcc/avr/5.4.0/../../../../avr/lib/avr5\libc.a(vfprintf_std.o)
 .text          0x00000000        0x0 d:/do not delete/new folder/7.0/toolchain/avr8/avr8-gnu-toolchain/bin/../lib/gcc/avr/5.4.0/../../../../avr/lib/avr5\libc.a(strnlen_P.o)
 .data          0x00000000        0x0 d:/do not delete/new folder/7.0/toolchain/avr8/avr8-gnu-toolchain/bin/../lib/gcc/avr/5.4.0/../../../../avr/lib/avr5\libc.a(strnlen_P.o)
 .bss           0x00000000        0x0 d:/do not delete/new folder/7.0/toolchain/avr8/avr8-gnu-toolchain/bin/../lib/gcc/avr/5.4.0/../../../../avr/lib/avr5\libc.a(strnlen_P.o)
 .text          0x00000000        0x0 d:/do not delete/new folder/7.0/toolchain/avr8/avr8-gnu-toolchain/bin/../lib/gcc/avr/5.4.0/../../../../avr/lib/avr5\libc.a(strnlen.o)
 .data          0x00000000        0x0 d:/do not delete/new folder/7.0/toolchain/avr8/avr8-gnu-toolchain/bin/../lib/gcc/avr/5.4.0/../../../../avr/lib/avr5\libc.a(strnlen.o)
 .bss           0x00000000        0x0 d:/do not delete/new folder/7.0/toolchain/avr8/avr8-gnu-toolchain/bin/../lib/gcc/avr/5.4.0/../../../../avr/lib/avr5\libc.a(strnlen.o)
 .text          0x00000000        0x0 d:/do not delete/new folder/7.0/toolchain/avr8/avr8-gnu-toolchain/bin/../lib/gcc/avr/5.4.0/../../../../avr/lib/avr5\libc.a(ultoa_invert.o)
 .data          0x00000000        0x0 d:/do not delete/new folder/7.0/toolchain/avr8/avr8-gnu-toolchain/bin/../lib/gcc/avr/5.4.0/../../../../avr/lib/avr5\libc.a(ultoa_invert.o)
 .bss           0x00000000        0x0 d:/do not delete/new folder/7.0/toolchain/avr8/avr8-gnu-toolchain/bin/../lib/gcc/avr/5.4.0/../../../../avr/lib/avr5\libc.a(ultoa_invert.o)
 .text          0x00000000        0x0 d:/do not delete/new folder/7.0/toolchain/avr8/avr8-gnu-toolchain/bin/../lib/gcc/avr/5.4.0/avr5\libgcc.a(_prologue.o)
 .data          0x00000000        0x0 d:/do not delete/new folder/7.0/toolchain/avr8/avr8-gnu-toolchain/bin/../lib/gcc/avr/5.4.0/avr5\libgcc.a(_prologue.o)
 .bss           0x00000000        0x0 d:/do not delete/new folder/7.0/toolchain/avr8/avr8-gnu-toolchain/bin/../lib/gcc/avr/5.4.0/avr5\libgcc.a(_prologue.o)
 .text.libgcc.mul
                0x00000000        0x0 d:/do not delete/new folder/7.0/toolchain/avr8/avr8-gnu-toolchain/bin/../lib/gcc/avr/5.4.0/avr5\libgcc.a(_prologue.o)
 .text.libgcc.div
                0x00000000        0x0 d:/do not delete/new folder/7.0/toolchain/avr8/avr8-gnu-toolchain/bin/../lib/gcc/avr/5.4.0/avr5\libgcc.a(_prologue.o)
 .text.libgcc   0x00000000        0x0 d:/do not delete/new folder/7.0/toolchain/avr8/avr8-gnu-toolchain/bin/../lib/gcc/avr/5.4.0/avr5\libgcc.a(_prologue.o)
 .text.libgcc.builtins
                0x00000000        0x0 d:/do not delete/new folder/7.0/toolchain/avr8/avr8-gnu-toolchain/bin/../lib/gcc/avr/5.4.0/avr5\libgcc.a(_prologue.o)
 .text.libgcc.fmul
                0x00000000        0x0 d:/do not delete/new folder/7.0/toolchain/avr8/avr8-gnu-toolchain/bin/../lib/gcc/avr/5.4.0/avr5\libgcc.a(_prologue.o)
 .text.libgcc.fixed
                0x00000000        0x0 d:/do not delete/new folder/7.0/toolchain/avr8/avr8-gnu-toolchain/bin/../lib/gcc/avr/5.4.0/avr5\libgcc.a(_prologue.o)
 .text          0x00000000        0x0 d:/do not delete/new folder/7.0/toolchain/avr8/avr8-gnu-toolchain/bin/../lib/gcc/avr/5.4.0/avr5\libgcc.a(_epilogue.o)
 .data          0x00000000        0x0 d:/do not delete/new folder/7.0/toolchain/avr8/avr8-gnu-toolchain/bin/../lib/gcc/avr/5.4.0/avr5\libgcc.a(_epilogue.o)
 .bss           0x00000000        0x0 d:/do not delete/new folder/7.0/toolchain/avr8/avr8-gnu-toolchain/bin/../lib/gcc/avr/5.4.0/avr5\libgcc.a(_epilogue.o)
 .text.libgcc.mul
                0x00000000        0x0 d:/do not delete/new folder/7.0/toolchain/avr8/avr8-gnu-toolchain/bin/../lib/gcc/avr/5.4.0/avr5\libgcc.a(_epilogue.o)
 .text.libgcc.div
                0x00000000        0x0 d:/do not delete/new folder/7.0/toolchain/avr8/avr8-gnu-toolchain/bin/../lib/gcc/avr/5.4.0/avr5\libgcc.a(_epilogue.o)
 .text.libgcc   0x00000000        0x0 d:/do not delete/new folder/7.0/toolchain/avr8/avr8-gnu-toolchain/bin/../lib/gcc/avr/5.4.0/avr5\libgcc.a(_epilogue.o)
 .text.libgcc.builtins
                0x00000000        0x0 d:/do not delete/new folder/7.0/toolchain/avr8/avr8-gnu-toolchain/bin/../lib/gcc/avr/5.4.0/avr5\libgcc.a(_epilogue.o)
 .text.libgcc.fmul
                0x00000000        0x0 d:/do not delete/new folder/7.0/toolchain/avr8/avr8-gnu-toolchain/bin/../lib/gcc/avr/5.4.0/avr5\libgcc.a(_epilogue.o)
 .text.libgcc.fixed
                0x00000000        0x0 d:/do not delete/new folder/7.0/toolchain/avr8/avr8-gnu-toolchain/bin/../lib/gcc/avr/5.4.0/avr5\libgcc.a(_epilogue.o)

Memory Configuration

Name             Origin             Length             Attributes
text             0x00000000         0x00020000         xr
data             0x00800060         0x0000ffa0         rw !x
eeprom           0x00810000         0x00010000         rw !x
fuse             0x00820000         0x00000003         rw !x
lock             0x00830000         0x00000400         rw !x
signature        0x00840000         0x00000400         rw !x
user_signatures  0x00850000         0x00000400         rw !x
*default*        0x00000000         0xffffffff

Linker script and memory map

Address of section .data set to 0x800100
LOAD D:/DO NOT DELETE/New folder/7.0/Packs/atmel/ATmega_DFP/1.2.209/gcc/dev/atmega328p/avr5/crtatmega328p.o
LOAD Driver/current_sensor.o
LOAD Driver/debug_utilis.o
LOAD Driver/relay_control.o
LOAD Driver/voltage_sensor.o
LOAD HAL/ADC.o
LOAD HAL/GPIO.o
LOAD HAL/SPI.o
LOAD HAL/Timer.o
LOAD HAL/TWI.o
LOAD HAL/UART.o
LOAD main.o
START GROUP
LOAD d:/do not delete/new folder/7.0/toolchain/avr8/avr8-gnu-toolchain/bin/../lib/gcc/avr/5.4.0/../../../../avr/lib/avr5\libm.a
END GROUP
START GROUP
LOAD d:/do not delete/new folder/7.0/toolchain/avr8/avr8-gnu-toolchain/bin/../lib/gcc/avr/5.4.0/avr5\libgcc.a
LOAD d:/do not delete/new folder/7.0/toolchain/avr8/avr8-gnu-toolchain/bin/../lib/gcc/avr/5.4.0/../../../../avr/lib/avr5\libm.a
LOAD d:/do not delete/new folder/7.0/toolchain/avr8/avr8-gnu-toolchain/bin/../lib/gcc/avr/5.4.0/../../../../avr/lib/avr5\libc.a
LOAD D:/DO NOT DELETE/New folder/7.0/Packs/atmel/ATmega_DFP/1.2.209/gcc/dev/atmega328p/avr5\libatmega328p.a
END GROUP
                0x00020000                __TEXT_REGION_LENGTH__ = DEFINED (__TEXT_REGION_LENGTH__)?__TEXT_REGION_LENGTH__:0x20000
                0x0000ffa0                __DATA_REGION_LENGTH__ = DEFINED (__DATA_REGION_LENGTH__)?__DATA_REGION_LENGTH__:0xffa0
                0x00010000                __EEPROM_REGION_LENGTH__ = DEFINED (__EEPROM_REGION_LENGTH__)?__EEPROM_REGION_LENGTH__:0x10000
                [0x00000003]                __FUSE_REGION_LENGTH__ = DEFINED (__FUSE_REGION_LENGTH__)?__FUSE_REGION_LENGTH__:0x400
                0x00000400                __LOCK_REGION_LENGTH__ = DEFINED (__LOCK_REGION_LENGTH__)?__LOCK_REGION_LENGTH__:0x400
                0x00000400                __SIGNATURE_REGION_LENGTH__ = DEFINED (__SIGNATURE_REGION_LENGTH__)?__SIGNATURE_REGION_LENGTH__:0x400
                0x00000400                __USER_SIGNATURE_REGION_LENGTH__ = DEFINED (__USER_SIGNATURE_REGION_LENGTH__)?__USER_SIGNATURE_REGION_LENGTH__:0x400

.hash
 *(.hash)

.dynsym
 *(.dynsym)

.dynstr
 *(.dynstr)

.gnu.version
 *(.gnu.version)

.gnu.version_d
 *(.gnu.version_d)

.gnu.version_r
 *(.gnu.version_r)

.rel.init
 *(.rel.init)

.rela.init
 *(.rela.init)

.rel.text
 *(.rel.text)
 *(.rel.text.*)
 *(.rel.gnu.linkonce.t*)

.rela.text
 *(.rela.text)
 *(.rela.text.*)
 *(.rela.gnu.linkonce.t*)

.rel.fini
 *(.rel.fini)

.rela.fini
 *(.rela.fini)

.rel.rodata
 *(.rel.rodata)
 *(.rel.rodata.*)
 *(.rel.gnu.linkonce.r*)

.rela.rodata
 *(.rela.rodata)
 *(.rela.rodata.*)
 *(.rela.gnu.linkonce.r*)

.rel.data
 *(.rel.data)
 *(.rel.data.*)
 *(.rel.gnu.linkonce.d*)

.rela.data
 *(.rela.data)
 *(.rela.data.*)
 *(.rela.gnu.linkonce.d*)

.rel.ctors
 *(.rel.ctors)

.rela.ctors
 *(.rela.ctors)

.rel.dtors
 *(.rel.dtors)

.rela.dtors
 *(.rela.dtors)

.rel.got
 *(.rel.got)

.rela.got
 *(.rela.got)

.rel.bss
 *(.rel.bss)

.rela.bss
 *(.rela.bss)

.rel.plt
 *(.rel.plt)

.rela.plt
 *(.rela.plt)

.text           0x00000000     0x1176
 *(.vectors)
 .vectors       0x00000000       0x68 D:/DO NOT DELETE/New folder/7.0/Packs/atmel/ATmega_DFP/1.2.209/gcc/dev/atmega328p/avr5/crtatmega328p.o
                0x00000000                __vector_default
                0x00000000                __vectors
 *(.vectors)
 *(.progmem.gcc*)
                0x00000068                . = ALIGN (0x2)
                0x00000068                __trampolines_start = .
 *(.trampolines)
 .trampolines   0x00000068        0x0 linker stubs
 *(.trampolines*)
                0x00000068                __trampolines_end = .
 *libprintf_flt.a:*(.progmem.data)
 *libc.a:*(.progmem.data)
 *(.progmem*)
                0x00000068                . = ALIGN (0x2)
 *(.jumptables)
 *(.jumptables*)
 *(.lowtext)
 *(.lowtext*)
                0x00000068                __ctors_start = .
 *(.ctors)
                0x00000068                __ctors_end = .
                0x00000068                __dtors_start = .
 *(.dtors)
                0x00000068                __dtors_end = .
 SORT(*)(.ctors)
 SORT(*)(.dtors)
 *(.init0)
 .init0         0x00000068        0x0 D:/DO NOT DELETE/New folder/7.0/Packs/atmel/ATmega_DFP/1.2.209/gcc/dev/atmega328p/avr5/crtatmega328p.o
                0x00000068                __init
 *(.init0)
 *(.init1)
 *(.init1)
 *(.init2)
 .init2         0x00000068        0xc D:/DO NOT DELETE/New folder/7.0/Packs/atmel/ATmega_DFP/1.2.209/gcc/dev/atmega328p/avr5/crtatmega328p.o
 *(.init2)
 *(.init3)
 *(.init3)
 *(.init4)
 .init4         0x00000074       0x16 d:/do not delete/new folder/7.0/toolchain/avr8/avr8-gnu-toolchain/bin/../lib/gcc/avr/5.4.0/avr5\libgcc.a(_copy_data.o)
                0x00000074                __do_copy_data
 .init4         0x0000008a       0x10 d:/do not delete/new folder/7.0/toolchain/avr8/avr8-gnu-toolchain/bin/../lib/gcc/avr/5.4.0/avr5\libgcc.a(_clear_bss.o)
                0x0000008a                __do_clear_bss
 *(.init4)
 *(.init5)
 *(.init5)
 *(.init6)
 *(.init6)
 *(.init7)
 *(.init7)
 *(.init8)
 *(.init8)
 *(.init9)
 .init9         0x0000009a        0x8 D:/DO NOT DELETE/New folder/7.0/Packs/atmel/ATmega_DFP/1.2.209/gcc/dev/atmega328p/avr5/crtatmega328p.o
 *(.init9)
 *(.text)
 .text          0x000000a2        0x4 D:/DO NOT DELETE/New folder/7.0/Packs/atmel/ATmega_DFP/1.2.209/gcc/dev/atmega328p/avr5/crtatmega328p.o
                0x000000a2                __vector_22
                0x000000a2                __vector_1
                0x000000a2                __vector_24
                0x000000a2                __vector_12
                0x000000a2                __bad_interrupt
                0x000000a2                __vector_6
                0x000000a2                __vector_3
                0x000000a2                __vector_23
                0x000000a2                __vector_25
                0x000000a2                __vector_11
                0x000000a2                __vector_13
                0x000000a2                __vector_17
                0x000000a2                __vector_19
                0x000000a2                __vector_7
                0x000000a2                __vector_5
                0x000000a2                __vector_4
                0x000000a2                __vector_9
                0x000000a2                __vector_2
                0x000000a2                __vector_21
                0x000000a2                __vector_15
                0x000000a2                __vector_8
                0x000000a2                __vector_14
                0x000000a2                __vector_10
                0x000000a2                __vector_18
                0x000000a2                __vector_20
                0x000000a6                . = ALIGN (0x2)
 *(.text.*)
 .text.current_sensor_init
                0x000000a6        0xc Driver/current_sensor.o
                0x000000a6                current_sensor_init
 .text.get_current_pp
                0x000000b2       0xb4 Driver/current_sensor.o
                0x000000b2                get_current_pp
 .text.get_current_rms
                0x00000166       0x8a Driver/current_sensor.o
                0x00000166                get_current_rms
 .text.fputc    0x000001f0       0x16 Driver/debug_utilis.o
                0x000001f0                fputc
 .text.print    0x00000206       0x2a Driver/debug_utilis.o
                0x00000206                print
 .text.print_float
                0x00000230       0x8a Driver/debug_utilis.o
                0x00000230                print_float
 .text.relay_init
                0x000002ba        0xc Driver/relay_control.o
                0x000002ba                relay_init
 .text.enable_relay
                0x000002c6        0xc Driver/relay_control.o
                0x000002c6                enable_relay
 .text.disable_relay
                0x000002d2        0xc Driver/relay_control.o
                0x000002d2                disable_relay
 .text.voltage_sensor_init
                0x000002de        0xc Driver/voltage_sensor.o
                0x000002de                voltage_sensor_init
 .text.get_voltage_pp
                0x000002ea       0xb4 Driver/voltage_sensor.o
                0x000002ea                get_voltage_pp
 .text.get_voltage_rms
                0x0000039e       0x96 Driver/voltage_sensor.o
                0x0000039e                get_voltage_rms
 .text.ADC_INIT
                0x00000434       0x16 HAL/ADC.o
                0x00000434                ADC_INIT
 .text.ADC_READ
                0x0000044a       0x2c HAL/ADC.o
                0x0000044a                ADC_READ
 .text.GPIO_SET_PIN
                0x00000476      0x146 HAL/GPIO.o
                0x00000476                GPIO_SET_PIN
 .text.GPIO_WRITE_PIN
                0x000005bc       0xca HAL/GPIO.o
                0x000005bc                GPIO_WRITE_PIN
 .text.SPI_INIT
                0x00000686       0x18 HAL/SPI.o
                0x00000686                SPI_INIT
 .text.TIMER_INIT
                0x0000069e       0x1a HAL/Timer.o
                0x0000069e                TIMER_INIT
 .text.__vector_16
                0x000006b8       0x4a HAL/Timer.o
                0x000006b8                __vector_16
 .text.UART_INIT
                0x00000702       0x20 HAL/UART.o
                0x00000702                UART_INIT
 .text.UART_TRANSMIT
                0x00000722       0x10 HAL/UART.o
                0x00000722                UART_TRANSMIT
 .text.UART_RECEIVE
                0x00000732       0x10 HAL/UART.o
                0x00000732                UART_RECEIVE
 .text.update_relay_status
                0x00000742       0x14 main.o
                0x00000742                update_relay_status
 .text.main     0x00000756       0xa0 main.o
                0x00000756                main
 .text.avr-libc.fplib
                0x000007f6        0xe d:/do not delete/new folder/7.0/toolchain/avr8/avr8-gnu-toolchain/bin/../lib/gcc/avr/5.4.0/../../../../avr/lib/avr5\libm.a(addsf3.o)
                0x000007f6                __subsf3
                0x000007f8                __addsf3
 .text.avr-libc.fplib
                0x00000804       0xcc d:/do not delete/new folder/7.0/toolchain/avr8/avr8-gnu-toolchain/bin/../lib/gcc/avr/5.4.0/../../../../avr/lib/avr5\libm.a(addsf3x.o)
                0x00000826                __addsf3x
 .text.avr-libc.fplib
                0x000008d0        0x8 d:/do not delete/new folder/7.0/toolchain/avr8/avr8-gnu-toolchain/bin/../lib/gcc/avr/5.4.0/../../../../avr/lib/avr5\libm.a(divsf3.o)
                0x000008d0                __divsf3
 .text.avr-libc.fplib
                0x000008d8       0xdc d:/do not delete/new folder/7.0/toolchain/avr8/avr8-gnu-toolchain/bin/../lib/gcc/avr/5.4.0/../../../../avr/lib/avr5\libm.a(divsf3x.o)
                0x000008f8                __divsf3x
                0x000008fe                __divsf3_pse
 .text.avr-libc.fplib
                0x000009b4        0xe d:/do not delete/new folder/7.0/toolchain/avr8/avr8-gnu-toolchain/bin/../lib/gcc/avr/5.4.0/../../../../avr/lib/avr5\libm.a(fixsfsi.o)
                0x000009b4                __fixsfsi
 .text.avr-libc.fplib
                0x000009c2       0x5e d:/do not delete/new folder/7.0/toolchain/avr8/avr8-gnu-toolchain/bin/../lib/gcc/avr/5.4.0/../../../../avr/lib/avr5\libm.a(fixunssfsi.o)
                0x000009c2                __fixunssfsi
 .text.avr-libc.fplib
                0x00000a20       0x7a d:/do not delete/new folder/7.0/toolchain/avr8/avr8-gnu-toolchain/bin/../lib/gcc/avr/5.4.0/../../../../avr/lib/avr5\libm.a(floatsisf.o)
                0x00000a20                __floatunsisf
                0x00000a24                __floatsisf
 .text.avr-libc.fplib
                0x00000a9a        0xc d:/do not delete/new folder/7.0/toolchain/avr8/avr8-gnu-toolchain/bin/../lib/gcc/avr/5.4.0/../../../../avr/lib/avr5\libm.a(fp_inf.o)
                0x00000a9a                __fp_inf
 .text.avr-libc.fplib
                0x00000aa6        0x6 d:/do not delete/new folder/7.0/toolchain/avr8/avr8-gnu-toolchain/bin/../lib/gcc/avr/5.4.0/../../../../avr/lib/avr5\libm.a(fp_nan.o)
                0x00000aa6                __fp_nan
 .text.avr-libc.fplib
                0x00000aac        0xe d:/do not delete/new folder/7.0/toolchain/avr8/avr8-gnu-toolchain/bin/../lib/gcc/avr/5.4.0/../../../../avr/lib/avr5\libm.a(fp_pscA.o)
                0x00000aac                __fp_pscA
 .text.avr-libc.fplib
                0x00000aba        0xe d:/do not delete/new folder/7.0/toolchain/avr8/avr8-gnu-toolchain/bin/../lib/gcc/avr/5.4.0/../../../../avr/lib/avr5\libm.a(fp_pscB.o)
                0x00000aba                __fp_pscB
 .text.avr-libc.fplib
                0x00000ac8       0x22 d:/do not delete/new folder/7.0/toolchain/avr8/avr8-gnu-toolchain/bin/../lib/gcc/avr/5.4.0/../../../../avr/lib/avr5\libm.a(fp_round.o)
                0x00000ac8                __fp_round
 .text.avr-libc.fplib
                0x00000aea       0x44 d:/do not delete/new folder/7.0/toolchain/avr8/avr8-gnu-toolchain/bin/../lib/gcc/avr/5.4.0/../../../../avr/lib/avr5\libm.a(fp_split3.o)
                0x00000aea                __fp_split3
                0x00000afa                __fp_splitA
 .text.avr-libc.fplib
                0x00000b2e        0xe d:/do not delete/new folder/7.0/toolchain/avr8/avr8-gnu-toolchain/bin/../lib/gcc/avr/5.4.0/../../../../avr/lib/avr5\libm.a(fp_zero.o)
                0x00000b2e                __fp_zero
                0x00000b30                __fp_szero
 .text.avr-libc.fplib
                0x00000b3c        0x8 d:/do not delete/new folder/7.0/toolchain/avr8/avr8-gnu-toolchain/bin/../lib/gcc/avr/5.4.0/../../../../avr/lib/avr5\libm.a(mulsf3.o)
                0x00000b3c                __mulsf3
 .text.avr-libc.fplib
                0x00000b44       0xd2 d:/do not delete/new folder/7.0/toolchain/avr8/avr8-gnu-toolchain/bin/../lib/gcc/avr/5.4.0/../../../../avr/lib/avr5\libm.a(mulsf3x.o)
                0x00000b62                __mulsf3x
                0x00000b68                __mulsf3_pse
 .text.avr-libc
                0x00000c16       0x44 d:/do not delete/new folder/7.0/toolchain/avr8/avr8-gnu-toolchain/bin/../lib/gcc/avr/5.4.0/../../../../avr/lib/avr5\libc.a(sprintf.o)
                0x00000c16                sprintf
 .text.avr-libc
                0x00000c5a      0x3c2 d:/do not delete/new folder/7.0/toolchain/avr8/avr8-gnu-toolchain/bin/../lib/gcc/avr/5.4.0/../../../../avr/lib/avr5\libc.a(vfprintf_std.o)
                0x00000c5a                vfprintf
 .text.avr-libc
                0x0000101c       0x16 d:/do not delete/new folder/7.0/toolchain/avr8/avr8-gnu-toolchain/bin/../lib/gcc/avr/5.4.0/../../../../avr/lib/avr5\libc.a(strnlen_P.o)
                0x0000101c                strnlen_P
 .text.avr-libc
                0x00001032       0x16 d:/do not delete/new folder/7.0/toolchain/avr8/avr8-gnu-toolchain/bin/../lib/gcc/avr/5.4.0/../../../../avr/lib/avr5\libc.a(strnlen.o)
                0x00001032                strnlen
 .text.avr-libc
                0x00001048       0xbc d:/do not delete/new folder/7.0/toolchain/avr8/avr8-gnu-toolchain/bin/../lib/gcc/avr/5.4.0/../../../../avr/lib/avr5\libc.a(ultoa_invert.o)
                0x00001048                __ultoa_invert
 .text.libgcc.prologue
                0x00001104       0x38 d:/do not delete/new folder/7.0/toolchain/avr8/avr8-gnu-toolchain/bin/../lib/gcc/avr/5.4.0/avr5\libgcc.a(_prologue.o)
                0x00001104                __prologue_saves__
 .text.libgcc.prologue
                0x0000113c       0x36 d:/do not delete/new folder/7.0/toolchain/avr8/avr8-gnu-toolchain/bin/../lib/gcc/avr/5.4.0/avr5\libgcc.a(_epilogue.o)
                0x0000113c                __epilogue_restores__
                0x00001172                . = ALIGN (0x2)
 *(.fini9)
 .fini9         0x00001172        0x0 d:/do not delete/new folder/7.0/toolchain/avr8/avr8-gnu-toolchain/bin/../lib/gcc/avr/5.4.0/avr5\libgcc.a(_exit.o)
                0x00001172                _exit
                0x00001172                exit
 *(.fini9)
 *(.fini8)
 *(.fini8)
 *(.fini7)
 *(.fini7)
 *(.fini6)
 *(.fini6)
 *(.fini5)
 *(.fini5)
 *(.fini4)
 *(.fini4)
 *(.fini3)
 *(.fini3)
 *(.fini2)
 *(.fini2)
 *(.fini1)
 *(.fini1)
 *(.fini0)
 .fini0         0x00001172        0x4 d:/do not delete/new folder/7.0/toolchain/avr8/avr8-gnu-toolchain/bin/../lib/gcc/avr/5.4.0/avr5\libgcc.a(_exit.o)
 *(.fini0)
                0x00001176                _etext = .

.data           0x00800100       0x24 load address 0x00001176
                0x00800100                PROVIDE (__data_start, .)
 *(.data)
 *(.data*)
 .data.min_raw_curr_val
                0x00800100        0x2 Driver/current_sensor.o
                0x00800100                min_raw_curr_val
 .data.max_raw_curr_val
                0x00800102        0x2 Driver/current_sensor.o
                0x00800102                max_raw_curr_val
 .data.min_raw_val
                0x00800104        0x2 Driver/voltage_sensor.o
                0x00800104                min_raw_val
 *(.gnu.linkonce.d*)
 *(.rodata)
 *(.rodata*)
 .rodata.str1.1
                0x00800106        0xc Driver/current_sensor.o
 .rodata.str1.1
                0x00800112        0x6 Driver/debug_utilis.o
 .rodata.str1.1
                0x00800118        0xc Driver/voltage_sensor.o
 .rodata.str1.1
                0x00800118        0xc main.o
                                  0xf (size before relaxing)
 *(.gnu.linkonce.r*)
                0x00800124                . = ALIGN (0x2)
                0x00800124                _edata = .
                0x00800124                PROVIDE (__data_end, .)

.bss            0x00800124       0x48
                0x00800124                PROVIDE (__bss_start, .)
 *(.bss)
 *(.bss*)
 .bss.actual_currrent_pp
                0x00800124        0x4 Driver/current_sensor.o
                0x00800124                actual_currrent_pp
 .bss.actual_voltage_pp
                0x00800128        0x4 Driver/voltage_sensor.o
                0x00800128                actual_voltage_pp
 .bss.max_raw_val
                0x0080012c        0x2 Driver/voltage_sensor.o
                0x0080012c                max_raw_val
 .bss.millis_counter
                0x0080012e        0x4 HAL/Timer.o
                0x0080012e                millis_counter
 .bss.current   0x00800132        0x4 main.o
 .bss.voltage   0x00800136        0x4 main.o
 *(COMMON)
 COMMON         0x0080013a       0x32 Driver/current_sensor.o
                0x0080013a                BUFFER
                0x0080016c                PROVIDE (__bss_end, .)
                0x00001176                __data_load_start = LOADADDR (.data)
                0x0000119a                __data_load_end = (__data_load_start + SIZEOF (.data))

.noinit         0x0080016c        0x0
                [!provide]                PROVIDE (__noinit_start, .)
 *(.noinit*)
                [!provide]                PROVIDE (__noinit_end, .)
                0x0080016c                _end = .
                [!provide]                PROVIDE (__heap_start, .)

.eeprom         0x00810000        0x0
 *(.eeprom*)
                0x00810000                __eeprom_end = .

.fuse
 *(.fuse)
 *(.lfuse)
 *(.hfuse)
 *(.efuse)

.lock
 *(.lock*)

.signature
 *(.signature*)

.user_signatures
 *(.user_signatures*)

.stab
 *(.stab)

.stabstr
 *(.stabstr)

.stab.excl
 *(.stab.excl)

.stab.exclstr
 *(.stab.exclstr)

.stab.index
 *(.stab.index)

.stab.indexstr
 *(.stab.indexstr)

.comment        0x00000000       0x5c
 *(.comment)
 .comment       0x00000000       0x30 Driver/current_sensor.o
                                 0x31 (size before relaxing)
 .comment       0x00000030       0x31 Driver/debug_utilis.o
 .comment       0x00000030       0x31 Driver/relay_control.o
 .comment       0x00000030       0x31 Driver/voltage_sensor.o
 .comment       0x00000030       0x31 HAL/ADC.o
 .comment       0x00000030       0x31 HAL/GPIO.o
 .comment       0x00000030       0x31 HAL/SPI.o
 .comment       0x00000030       0x31 HAL/Timer.o
 .comment       0x00000030       0x31 HAL/UART.o
 .comment       0x00000030       0x31 main.o
 .comment       0x00000030       0x31 d:/do not delete/new folder/7.0/toolchain/avr8/avr8-gnu-toolchain/bin/../lib/gcc/avr/5.4.0/../../../../avr/lib/avr5\libc.a(sprintf.o)
 .comment       0x00000030       0x2c d:/do not delete/new folder/7.0/toolchain/avr8/avr8-gnu-toolchain/bin/../lib/gcc/avr/5.4.0/../../../../avr/lib/avr5\libc.a(vfprintf_std.o)
                                 0x2d (size before relaxing)

.note.gnu.avr.deviceinfo
                0x00000000       0x40
 .note.gnu.avr.deviceinfo
                0x00000000       0x40 D:/DO NOT DELETE/New folder/7.0/Packs/atmel/ATmega_DFP/1.2.209/gcc/dev/atmega328p/avr5/crtatmega328p.o

.note.gnu.build-id
 *(.note.gnu.build-id)

.debug
 *(.debug)

.line
 *(.line)

.debug_srcinfo
 *(.debug_srcinfo)

.debug_sfnames
 *(.debug_sfnames)

.debug_aranges  0x00000000      0x208
 *(.debug_aranges)
 .debug_aranges
                0x00000000       0x30 Driver/current_sensor.o
 .debug_aranges
                0x00000030       0x30 Driver/debug_utilis.o
 .debug_aranges
                0x00000060       0x30 Driver/relay_control.o
 .debug_aranges
                0x00000090       0x30 Driver/voltage_sensor.o
 .debug_aranges
                0x000000c0       0x28 HAL/ADC.o
 .debug_aranges
                0x000000e8       0x48 HAL/GPIO.o
 .debug_aranges
                0x00000130       0x50 HAL/SPI.o
 .debug_aranges
                0x00000180       0x30 HAL/Timer.o
 .debug_aranges
                0x000001b0       0x30 HAL/UART.o
 .debug_aranges
                0x000001e0       0x28 main.o

.debug_pubnames
 *(.debug_pubnames)

.debug_info     0x00000000     0x18b6
 *(.debug_info .gnu.linkonce.wi.*)
 .debug_info    0x00000000      0x5f4 D:/DO NOT DELETE/New folder/7.0/Packs/atmel/ATmega_DFP/1.2.209/gcc/dev/atmega328p/avr5/crtatmega328p.o
 .debug_info    0x000005f4      0x2b6 Driver/current_sensor.o
 .debug_info    0x000008aa      0x31f Driver/debug_utilis.o
 .debug_info    0x00000bc9      0x138 Driver/relay_control.o
 .debug_info    0x00000d01      0x2b6 Driver/voltage_sensor.o
 .debug_info    0x00000fb7       0xc2 HAL/ADC.o
 .debug_info    0x00001079      0x223 HAL/GPIO.o
 .debug_info    0x0000129c      0x14a HAL/SPI.o
 .debug_info    0x000013e6       0xea HAL/Timer.o
 .debug_info    0x000014d0       0xc3 HAL/UART.o
 .debug_info    0x00001593      0x323 main.o

.debug_abbrev   0x00000000     0x1037
 *(.debug_abbrev)
 .debug_abbrev  0x00000000      0x5a2 D:/DO NOT DELETE/New folder/7.0/Packs/atmel/ATmega_DFP/1.2.209/gcc/dev/atmega328p/avr5/crtatmega328p.o
 .debug_abbrev  0x000005a2      0x197 Driver/current_sensor.o
 .debug_abbrev  0x00000739      0x217 Driver/debug_utilis.o
 .debug_abbrev  0x00000950       0x87 Driver/relay_control.o
 .debug_abbrev  0x000009d7      0x197 Driver/voltage_sensor.o
 .debug_abbrev  0x00000b6e       0x85 HAL/ADC.o
 .debug_abbrev  0x00000bf3      0x102 HAL/GPIO.o
 .debug_abbrev  0x00000cf5       0xac HAL/SPI.o
 .debug_abbrev  0x00000da1       0xa1 HAL/Timer.o
 .debug_abbrev  0x00000e42       0x90 HAL/UART.o
 .debug_abbrev  0x00000ed2      0x165 main.o

.debug_line     0x00000000     0x10cd
 *(.debug_line .debug_line.* .debug_line_end)
 .debug_line    0x00000000      0x133 D:/DO NOT DELETE/New folder/7.0/Packs/atmel/ATmega_DFP/1.2.209/gcc/dev/atmega328p/avr5/crtatmega328p.o
 .debug_line    0x00000133      0x1e5 Driver/current_sensor.o
 .debug_line    0x00000318      0x1a0 Driver/debug_utilis.o
 .debug_line    0x000004b8       0x8a Driver/relay_control.o
 .debug_line    0x00000542      0x1e5 Driver/voltage_sensor.o
 .debug_line    0x00000727       0xd8 HAL/ADC.o
 .debug_line    0x000007ff      0x32c HAL/GPIO.o
 .debug_line    0x00000b2b      0x172 HAL/SPI.o
 .debug_line    0x00000c9d       0xfe HAL/Timer.o
 .debug_line    0x00000d9b      0x103 HAL/UART.o
 .debug_line    0x00000e9e      0x22f main.o

.debug_frame    0x00000000      0x3c4
 *(.debug_frame)
 .debug_frame   0x00000000       0x6c Driver/current_sensor.o
 .debug_frame   0x0000006c       0xa0 Driver/debug_utilis.o
 .debug_frame   0x0000010c       0x44 Driver/relay_control.o
 .debug_frame   0x00000150       0x6c Driver/voltage_sensor.o
 .debug_frame   0x000001bc       0x34 HAL/ADC.o
 .debug_frame   0x000001f0       0x74 HAL/GPIO.o
 .debug_frame   0x00000264       0x84 HAL/SPI.o
 .debug_frame   0x000002e8       0x64 HAL/Timer.o
 .debug_frame   0x0000034c       0x44 HAL/UART.o
 .debug_frame   0x00000390       0x34 main.o

.debug_str      0x00000000      0x764
 *(.debug_str)
 .debug_str     0x00000000      0x208 D:/DO NOT DELETE/New folder/7.0/Packs/atmel/ATmega_DFP/1.2.209/gcc/dev/atmega328p/avr5/crtatmega328p.o
 .debug_str     0x00000208      0x247 Driver/current_sensor.o
                                0x280 (size before relaxing)
 .debug_str     0x0000044f       0x8d Driver/debug_utilis.o
                                0x228 (size before relaxing)
 .debug_str     0x000004dc       0x4f Driver/relay_control.o
                                0x1a0 (size before relaxing)
 .debug_str     0x0000052b       0x9b Driver/voltage_sensor.o
                                0x274 (size before relaxing)
 .debug_str     0x000005c6       0x28 HAL/ADC.o
                                0x16a (size before relaxing)
 .debug_str     0x000005ee       0x68 HAL/GPIO.o
                                0x1ec (size before relaxing)
 .debug_str     0x00000656       0x6a HAL/SPI.o
                                0x19f (size before relaxing)
 .debug_str     0x000006c0       0x3c HAL/Timer.o
                                0x17a (size before relaxing)
 .debug_str     0x000006fc       0x25 HAL/UART.o
                                0x168 (size before relaxing)
 .debug_str     0x00000721       0x43 main.o
                                0x28c (size before relaxing)

.debug_loc      0x00000000      0xcef
 *(.debug_loc)
 .debug_loc     0x00000000      0x183 Driver/current_sensor.o
 .debug_loc     0x00000183      0x2e8 Driver/debug_utilis.o
 .debug_loc     0x0000046b      0x183 Driver/voltage_sensor.o
 .debug_loc     0x000005ee       0x21 HAL/ADC.o
 .debug_loc     0x0000060f      0x624 HAL/GPIO.o
 .debug_loc     0x00000c33       0x1f HAL/SPI.o
 .debug_loc     0x00000c52       0x63 HAL/Timer.o
 .debug_loc     0x00000cb5       0x3a main.o

.debug_macinfo
 *(.debug_macinfo)

.debug_weaknames
 *(.debug_weaknames)

.debug_funcnames
 *(.debug_funcnames)

.debug_typenames
 *(.debug_typenames)

.debug_varnames
 *(.debug_varnames)

.debug_pubtypes
 *(.debug_pubtypes)

.debug_ranges   0x00000000      0x168
 *(.debug_ranges)
 .debug_ranges  0x00000000       0x20 Driver/current_sensor.o
 .debug_ranges  0x00000020       0x20 Driver/debug_utilis.o
 .debug_ranges  0x00000040       0x20 Driver/relay_control.o
 .debug_ranges  0x00000060       0x20 Driver/voltage_sensor.o
 .debug_ranges  0x00000080       0x18 HAL/ADC.o
 .debug_ranges  0x00000098       0x38 HAL/GPIO.o
 .debug_ranges  0x000000d0       0x40 HAL/SPI.o
 .debug_ranges  0x00000110       0x20 HAL/Timer.o
 .debug_ranges  0x00000130       0x20 HAL/UART.o
 .debug_ranges  0x00000150       0x18 main.o

.debug_macro
 *(.debug_macro)
OUTPUT(dp-poc-fw.elf elf32-avr)
LOAD linker stubs
